/*=============================================================*
 |            << GOLDHAI.mapa   [w] Woo@simauria >>            |
 |                 MAPA DE LA LLANURA DE ORKATH                |
 *=============================================================*
 |               Creacion.............. 27-08-98               |
 |               Ultima Modificacion... 27-08-98               |
 |                                                             |
 *-------------------------------------------------------------*/



 R          Tierras Altas

 i                          		B - Borde río Cashigan
       B-B
 o     |X|   Campamento
       B-c				c - Zona de combate
       |X|
Puente-B-c-c-c-c-c-c-c-c
       |X|X|X|X|X|X|X|X|
       B-c-c-c-c-c-c-c-c
 C     |X|X|X|X|X|X|X|X|
       B-c-c-c-c-c-c-c-c
 a     |X|X|X|X|X|X|X|X|
       B-c-c-c-c-c-c-c-c
 s     |X|X|X|X|X|X|X|
       B-c-c-c-c-c-c-c
 h     |X|X|X|X|X|X|
     B-B-c-c-c-c-c-c
 i   |/
     B     Campamento
 g   |
     B
 a   |
     B
 n
