                                                                                                                         
                          30 ->2
                           |
                          29
                           |
                          28
                           |
                          27                      N
                           |                    O + E
                          26                      S
                           |
                          25                Esto es, mas o menos, como
                           |                son las cloacas de Kha-annu.
                          24
                           |
                          23
                           |
                    20-21-22                         
                     |
                    19
                     |
                    18-17-16-15-14-13-12-11 
                                 |        |
                                (1)      10 ->9
                                          |
                                          9 
                                          |
                                      6-7-8->->-.
                                      |         |
                                  1<- 5        a1
                                      |         |
                                  1<- 4        a2
                                      |         |
                                      3 ->1    a3
                                      |         |
                                      2        a4 
                                      |         |
                                      1        a5
                                      |         |                         
                           entrada....O        a6

